Feature: Basic steps                                                                                 
  Scenario: Feature-Start
    Given I start a web socket server                                                                            PASSED  
    And I open the RemoteWebDriver browser                                                                       PASSED  
    And I navigate to http://chorus-js-example-app:80?chorusEnabled=true                                         PASSED  
    And I wait for the web socket client SimpleStepPublisher                                                     PASSED  
  Scenario: I can call steps with and without a result
    Check I can call a step with a result                                                                        PASSED  hello!
    And I can call a step without a result                                                                       PASSED  
  Scenario: I can call steps which fail
    Check I can call a step with a result                                                                        PASSED  hello!
    And I can call a step which fails                                                                            FAILED  Expected true to be false (WebSocketClientStepInvoker:193)-StepFailedException
  Scenario: I can call steps which are async
    Check I can call a step which succeeds asynchronously                                                        PASSED  true
    And I can call a step which times out                                                                        FAILED  Expected false to be true (WebSocketClientStepInvoker:193)-StepFailedException
  Scenario: I can read a variable from the Chorus Context
    Given I create a context variable outbound with the value one                                                PASSED  
    Then in chorus-js 'outbound' has the value 'one'                                                             PASSED  
  Scenario: I can set a variable in the Chorus Context
    When I set the 'inbound' variable to 'two' in chorus-js                                                      PASSED  
    Then the context variable inbound has the value two                                                          PASSED  
  Scenario: I can overwrite a variable in the Chorus Context
    Given I create a context variable outbound with the value two                                                PASSED  
    When I set the 'outbound' variable to 'three' in chorus-js                                                   PASSED  
    Then the context variable outbound has the value three                                                       PASSED  


Features  (total:1) (passed:0) (failed:1)
Scenarios (total:6) (passed:4) (failed:2)
Steps     (total:17) (passed:15) (failed:2) (undefined:0) (pending:0) (skipped:0)
