Feature: I can use the counter                                                                       
  Scenario: Feature-Start
    Given I start a web socket server                                                                            PASSED  
    And I open Chrome                                                                                            PASSED  
    And I navigate to http://localhost:9999                                                                      PASSED  
    And I wait for the web socket client SimpleStepPublisher                                                     PASSED  
  Scenario: I can read the counter
    Given I reset the counter                                                                                    PASSED  
    Then the counter value is 0                                                                                  PASSED  0
  Scenario: I can increment the counter
    Given I reset the counter                                                                                    PASSED  
    And the counter value is 0                                                                                   PASSED  0
    When I click on the increment button                                                                         PASSED  
    Then the counter value is 1                                                                                  PASSED  1
  Scenario: I can decrement the counter
    Given I reset the counter                                                                                    PASSED  
    And the counter value is 0                                                                                   PASSED  0
    When I click on the decrement button                                                                         PASSED  
    Then the counter value is -1                                                                                 PASSED  -1


Features  (total:1) (passed:1) (failed:0)
Scenarios (total:3) (passed:3) (failed:0)
Steps     (total:14) (passed:14) (failed:0) (undefined:0) (pending:0) (skipped:0)
